
 Start  Stop   Length Name               Class

 00000H 0374FH 03750H _TEXT              CODE
 03750H 045D1H 00E82H _DATA              DATA
 045D2H 04DF0H 0081FH _BSS               BSS


Detailed map of segments

 0000:0000 00C3 C=CODE   S=_TEXT          G=(none)  M=INIT.C     ACBP=28
 0000:00C3 14D9 C=CODE   S=_TEXT          G=(none)  M=COMMAND.C  ACBP=28
 0000:159C 084E C=CODE   S=_TEXT          G=(none)  M=LIB.C      ACBP=28
 0000:1DEA 01AB C=CODE   S=_TEXT          G=(none)  M=MINISO.ASM ACBP=28
 0000:1F95 17BB C=CODE   S=_TEXT          G=(none)  M=SCALL.C    ACBP=28
 0375:0000 004E C=DATA   S=_DATA          G=DGROUP  M=INIT.C     ACBP=48
 0375:004E 0C20 C=DATA   S=_DATA          G=DGROUP  M=COMMAND.C  ACBP=48
 0375:0C6E 0000 C=DATA   S=_DATA          G=DGROUP  M=LIB.C      ACBP=48
 0375:0C6E 0002 C=DATA   S=_DATA          G=DGROUP  M=MINISO.ASM ACBP=48
 0375:0C70 0212 C=DATA   S=_DATA          G=DGROUP  M=SCALL.C    ACBP=48
 0375:0E82 0000 C=BSS    S=_BSS           G=DGROUP  M=INIT.C     ACBP=48
 0375:0E82 0627 C=BSS    S=_BSS           G=DGROUP  M=COMMAND.C  ACBP=48
 0375:14AA 0000 C=BSS    S=_BSS           G=DGROUP  M=LIB.C      ACBP=48
 0375:14AA 01F7 C=BSS    S=_BSS           G=DGROUP  M=SCALL.C    ACBP=48

  Address         Publics by Name

 0000:1EC6 idle  LDIV@
 0000:1ED7 idle  LMOD@
 0000:1ECE idle  LUDIV@
 0000:1EE0 idle  LUMOD@
 0000:1F77 idle  LXLSH@
 0000:1EAC idle  LXMUL@
 0000:1EC3 idle  N_LDIV@
 0000:1ED4 idle  N_LMOD@
 0000:1ECB       N_LUDIV@
 0000:1EDD       N_LUMOD@
 0000:1F74 idle  N_LXLSH@
 0000:1EA3       N_LXMUL@
 0000:1879       _ATOI
 0000:15B3       _CLRSCR
 0000:0A43 idle  _CMD_CLS
 0000:0908 idle  _CMD_DATE
 0000:105D idle  _CMD_DEMO
 0000:0E05 idle  _CMD_ECHO
 0000:089B idle  _CMD_EXIT
 0000:08B0 idle  _CMD_HELP
 0000:0CE4 idle  _CMD_KILL
 0000:0A88 idle  _CMD_PS
 0000:0885 idle  _CMD_REBOOT
 0000:1554 idle  _CMD_RESUME
 0000:12AE idle  _CMD_SEMCREATE
 0000:14D3 idle  _CMD_SEMDESTROY
 0000:11B8 idle  _CMD_SEMLS
 0000:1446 idle  _CMD_SEMTEST
 0000:149A idle  _CMD_SEMUP
 0000:0D2C idle  _CMD_SET
 0000:150C idle  _CMD_STOP
 0000:09A3 idle  _CMD_TIME
 0000:0DC5 idle  _CMD_UNSET
 0000:0A59 idle  _CMD_VER
 0000:1140 idle  _CMD_WAIT
 0000:10B1 idle  _CMD_WAITPID
 0000:00C3       _COMMAND
 0000:1E61       _DISABLE
 0000:1E5F       _ENABLE
 0000:1D46       _EXIT
 0000:1CDA       _FORK
 0000:1E76       _FP_OFF
 0000:1E6E       _FP_SEG
 0000:15A8       _GETCH
 0000:162B       _GETCOLOR
 0000:1667       _GETDATE
 0000:1D52       _GETPID
 0000:1D5D idle  _GETPPID
 0000:168A       _GETTIME
 0000:1E42       _GETVECT
 0000:1658       _GOTOXY
 0000:1E7E       _INIT_DS
 0000:1E88       _INIT_STACK
 0000:1C0D       _INTTOSTR
 0000:1852 idle  _ISALPHA
 0000:1835 idle  _ISDIGIT
 0000:1CEB       _KILL
 0000:0000 idle  _MAIN
 0000:1DFA       _MINISO_CLOCKHANDLER
 0000:2326       _MINISO_CONTEXTSWITCH
 0375:14B0 idle  _MINISO_DELCURTHREAD
 0375:0C79 idle  _MINISO_FREE
 0000:246C       _MINISO_INIT_PROCTABLE
 0000:2451 idle  _MINISO_INIT_SEMTABLE
 0375:14AE idle  _MINISO_NEXTTHREAD
 0375:14AA       _MINISO_OLDISR
 0375:0C77 idle  _MINISO_READY
 0000:1E0B       _MINISO_RETURN_ADDR
 0375:0C7B idle  _MINISO_SCALL_TABLE
 0375:1651       _MINISO_SEM
 0000:1DEA       _MINISO_SYSTEMCALL
 0375:14B1       _MINISO_THREAD
 0000:1E63       _MK_FP
 0000:159C       _PUTCH
 0000:15BC       _PUTSTR
 0000:15DB       _PUTSTRXY
 0000:1CD1       _REBOOT
 0000:1DDC       _RESUME
 0000:1F95       _SCALL
 0000:2155 idle  _SC_CLRSCR
 0000:2DEB idle  _SC_EXIT
 0000:256D idle  _SC_FORK
 0000:2105 idle  _SC_GETCH
 0000:2177 idle  _SC_GETCOLOR
 0000:21DD idle  _SC_GETDATE
 0000:308A idle  _SC_GETPID
 0000:309F idle  _SC_GETPPID
 0000:228D idle  _SC_GETTIME
 0000:21AF idle  _SC_GOTOXY
 0000:27BA idle  _SC_KILL
 0000:206F idle  _SC_PUTCH
 0000:254D idle  _SC_REBOOT
 0000:36C0 idle  _SC_RESUME
 0000:32EA idle  _SC_SEMCREATE
 0000:35E1 idle  _SC_SEMDESTROY
 0000:349B idle  _SC_SEMDOWN
 0000:3375 idle  _SC_SEMSET
 0000:33AE idle  _SC_SEMUP
 0000:30B4 idle  _SC_SENDSIGNAL
 0000:2182 idle  _SC_SETCOLOR
 0000:3619 idle  _SC_STOP
 0000:2C71 idle  _SC_WAIT
 0000:2AB6 idle  _SC_WAITPID
 0000:31B4 idle  _SC_WAITSIGNAL
 0000:2191 idle  _SC_WHEREX
 0000:219E idle  _SC_WHEREY
 0000:1D85       _SEMCREATE
 0000:1DC0       _SEMDESTROY
 0000:1DB2       _SEMDOWN
 0375:0E96 idle  _SEMID
 0000:1D93 idle  _SEMSET
 0000:1DA4       _SEMUP
 0000:133D idle  _SEM_APLIC
 0000:1D68 idle  _SENDSIGNAL
 0000:1636       _SETCOLOR
 0000:1E1B       _SETVECT
 0000:1DCE       _STOP
 0000:17D9       _STRCMP
 0000:16AD       _STRCPY
 0000:181B       _STRLEN
 0000:178D idle  _STRLWR
 0000:16EF idle  _STRNCPY
 0000:1741 idle  _STRUPR
 0000:19D3 idle  _UNSIGNEDLONGTOSTR
 0000:18F3       _UNSIGNEDTOSTR
 0000:1B8D idle  _UNSIGNEDTOSTRHEXA
 0000:1CF9       _WAIT
 0000:1D1E       _WAITPID
 0000:1D79 idle  _WAITSIGNAL
 0000:1642       _WHEREX
 0000:164D       _WHEREY

  Address         Publics by Value

 0000:0000 idle  _MAIN
 0000:00C3       _COMMAND
 0000:0885 idle  _CMD_REBOOT
 0000:089B idle  _CMD_EXIT
 0000:08B0 idle  _CMD_HELP
 0000:0908 idle  _CMD_DATE
 0000:09A3 idle  _CMD_TIME
 0000:0A43 idle  _CMD_CLS
 0000:0A59 idle  _CMD_VER
 0000:0A88 idle  _CMD_PS
 0000:0CE4 idle  _CMD_KILL
 0000:0D2C idle  _CMD_SET
 0000:0DC5 idle  _CMD_UNSET
 0000:0E05 idle  _CMD_ECHO
 0000:105D idle  _CMD_DEMO
 0000:10B1 idle  _CMD_WAITPID
 0000:1140 idle  _CMD_WAIT
 0000:11B8 idle  _CMD_SEMLS
 0000:12AE idle  _CMD_SEMCREATE
 0000:133D idle  _SEM_APLIC
 0000:1446 idle  _CMD_SEMTEST
 0000:149A idle  _CMD_SEMUP
 0000:14D3 idle  _CMD_SEMDESTROY
 0000:150C idle  _CMD_STOP
 0000:1554 idle  _CMD_RESUME
 0000:159C       _PUTCH
 0000:15A8       _GETCH
 0000:15B3       _CLRSCR
 0000:15BC       _PUTSTR
 0000:15DB       _PUTSTRXY
 0000:162B       _GETCOLOR
 0000:1636       _SETCOLOR
 0000:1642       _WHEREX
 0000:164D       _WHEREY
 0000:1658       _GOTOXY
 0000:1667       _GETDATE
 0000:168A       _GETTIME
 0000:16AD       _STRCPY
 0000:16EF idle  _STRNCPY
 0000:1741 idle  _STRUPR
 0000:178D idle  _STRLWR
 0000:17D9       _STRCMP
 0000:181B       _STRLEN
 0000:1835 idle  _ISDIGIT
 0000:1852 idle  _ISALPHA
 0000:1879       _ATOI
 0000:18F3       _UNSIGNEDTOSTR
 0000:19D3 idle  _UNSIGNEDLONGTOSTR
 0000:1B8D idle  _UNSIGNEDTOSTRHEXA
 0000:1C0D       _INTTOSTR
 0000:1CD1       _REBOOT
 0000:1CDA       _FORK
 0000:1CEB       _KILL
 0000:1CF9       _WAIT
 0000:1D1E       _WAITPID
 0000:1D46       _EXIT
 0000:1D52       _GETPID
 0000:1D5D idle  _GETPPID
 0000:1D68 idle  _SENDSIGNAL
 0000:1D79 idle  _WAITSIGNAL
 0000:1D85       _SEMCREATE
 0000:1D93 idle  _SEMSET
 0000:1DA4       _SEMUP
 0000:1DB2       _SEMDOWN
 0000:1DC0       _SEMDESTROY
 0000:1DCE       _STOP
 0000:1DDC       _RESUME
 0000:1DEA       _MINISO_SYSTEMCALL
 0000:1DFA       _MINISO_CLOCKHANDLER
 0000:1E0B       _MINISO_RETURN_ADDR
 0000:1E1B       _SETVECT
 0000:1E42       _GETVECT
 0000:1E5F       _ENABLE
 0000:1E61       _DISABLE
 0000:1E63       _MK_FP
 0000:1E6E       _FP_SEG
 0000:1E76       _FP_OFF
 0000:1E7E       _INIT_DS
 0000:1E88       _INIT_STACK
 0000:1EA3       N_LXMUL@
 0000:1EAC idle  LXMUL@
 0000:1EC3 idle  N_LDIV@
 0000:1EC6 idle  LDIV@
 0000:1ECB       N_LUDIV@
 0000:1ECE idle  LUDIV@
 0000:1ED4 idle  N_LMOD@
 0000:1ED7 idle  LMOD@
 0000:1EDD       N_LUMOD@
 0000:1EE0 idle  LUMOD@
 0000:1F74 idle  N_LXLSH@
 0000:1F77 idle  LXLSH@
 0000:1F95       _SCALL
 0000:206F idle  _SC_PUTCH
 0000:2105 idle  _SC_GETCH
 0000:2155 idle  _SC_CLRSCR
 0000:2177 idle  _SC_GETCOLOR
 0000:2182 idle  _SC_SETCOLOR
 0000:2191 idle  _SC_WHEREX
 0000:219E idle  _SC_WHEREY
 0000:21AF idle  _SC_GOTOXY
 0000:21DD idle  _SC_GETDATE
 0000:228D idle  _SC_GETTIME
 0000:2326       _MINISO_CONTEXTSWITCH
 0000:2451 idle  _MINISO_INIT_SEMTABLE
 0000:246C       _MINISO_INIT_PROCTABLE
 0000:254D idle  _SC_REBOOT
 0000:256D idle  _SC_FORK
 0000:27BA idle  _SC_KILL
 0000:2AB6 idle  _SC_WAITPID
 0000:2C71 idle  _SC_WAIT
 0000:2DEB idle  _SC_EXIT
 0000:308A idle  _SC_GETPID
 0000:309F idle  _SC_GETPPID
 0000:30B4 idle  _SC_SENDSIGNAL
 0000:31B4 idle  _SC_WAITSIGNAL
 0000:32EA idle  _SC_SEMCREATE
 0000:3375 idle  _SC_SEMSET
 0000:33AE idle  _SC_SEMUP
 0000:349B idle  _SC_SEMDOWN
 0000:35E1 idle  _SC_SEMDESTROY
 0000:3619 idle  _SC_STOP
 0000:36C0 idle  _SC_RESUME
 0375:0C77 idle  _MINISO_READY
 0375:0C79 idle  _MINISO_FREE
 0375:0C7B idle  _MINISO_SCALL_TABLE
 0375:0E96 idle  _SEMID
 0375:14AA       _MINISO_OLDISR
 0375:14AE idle  _MINISO_NEXTTHREAD
 0375:14B0 idle  _MINISO_DELCURTHREAD
 0375:14B1       _MINISO_THREAD
 0375:1651       _MINISO_SEM

Program entry point at 0000:0000
Warning: No stack

