
 Start  Stop   Length Name               Class

 00000H 03842H 03843H _TEXT              CODE
 03844H 047DFH 00F9CH _DATA              DATA
 047E0H 05004H 00825H _BSS               BSS


Detailed map of segments

 0000:0000 00C3 C=CODE   S=_TEXT          G=(none)  M=INIT.C     ACBP=28
 0000:00C3 15CC C=CODE   S=_TEXT          G=(none)  M=COMMAND.C  ACBP=28
 0000:168F 084E C=CODE   S=_TEXT          G=(none)  M=LIB.C      ACBP=28
 0000:1EDD 01AB C=CODE   S=_TEXT          G=(none)  M=MINISO.ASM ACBP=28
 0000:2088 17BB C=CODE   S=_TEXT          G=(none)  M=SCALL.C    ACBP=28
 0384:0004 004E C=DATA   S=_DATA          G=DGROUP  M=INIT.C     ACBP=48
 0384:0052 0D3A C=DATA   S=_DATA          G=DGROUP  M=COMMAND.C  ACBP=48
 0384:0D8C 0000 C=DATA   S=_DATA          G=DGROUP  M=LIB.C      ACBP=48
 0384:0D8C 0002 C=DATA   S=_DATA          G=DGROUP  M=MINISO.ASM ACBP=48
 0384:0D8E 0212 C=DATA   S=_DATA          G=DGROUP  M=SCALL.C    ACBP=48
 0384:0FA0 0000 C=BSS    S=_BSS           G=DGROUP  M=INIT.C     ACBP=48
 0384:0FA0 062D C=BSS    S=_BSS           G=DGROUP  M=COMMAND.C  ACBP=48
 0384:15CE 0000 C=BSS    S=_BSS           G=DGROUP  M=LIB.C      ACBP=48
 0384:15CE 01F7 C=BSS    S=_BSS           G=DGROUP  M=SCALL.C    ACBP=48

  Address         Publics by Name

 0000:1FB9 idle  LDIV@
 0000:1FCA idle  LMOD@
 0000:1FC1 idle  LUDIV@
 0000:1FD3 idle  LUMOD@
 0000:206A idle  LXLSH@
 0000:1F9F idle  LXMUL@
 0000:1FB6 idle  N_LDIV@
 0000:1FC7 idle  N_LMOD@
 0000:1FBE       N_LUDIV@
 0000:1FD0       N_LUMOD@
 0000:2067 idle  N_LXLSH@
 0000:1F96       N_LXMUL@
 0000:196C       _ATOI
 0384:0FB6 idle  _CLIENTES
 0000:16A6       _CLRSCR
 0000:1652 idle  _CMD_ADD_CLIENTE_BARBER
 0000:0A43 idle  _CMD_CLS
 0000:0908 idle  _CMD_DATE
 0000:105D idle  _CMD_DEMO
 0000:0E05 idle  _CMD_ECHO
 0000:089B idle  _CMD_EXIT
 0000:08B0 idle  _CMD_HELP
 0000:0CE4 idle  _CMD_KILL
 0000:0A88 idle  _CMD_PS
 0000:0885 idle  _CMD_REBOOT
 0000:1554 idle  _CMD_RESUME
 0000:12AE idle  _CMD_SEMCREATE
 0000:14D3 idle  _CMD_SEMDESTROY
 0000:11B8 idle  _CMD_SEMLS
 0000:1446 idle  _CMD_SEMTEST
 0000:149A idle  _CMD_SEMUP
 0000:0D2C idle  _CMD_SET
 0000:159C idle  _CMD_START_BARBER
 0000:150C idle  _CMD_STOP
 0000:1611 idle  _CMD_STOP_BARBER
 0000:09A3 idle  _CMD_TIME
 0000:0DC5 idle  _CMD_UNSET
 0000:0A59 idle  _CMD_VER
 0000:1140 idle  _CMD_WAIT
 0000:10B1 idle  _CMD_WAITPID
 0000:00C3       _COMMAND
 0384:0100 idle  _COUNT
 0000:1F54       _DISABLE
 0000:1F52       _ENABLE
 0000:1E39       _EXIT
 0384:0FB4 idle  _FILA
 0000:1DCD       _FORK
 0000:1F69       _FP_OFF
 0000:1F61       _FP_SEG
 0000:169B       _GETCH
 0000:171E       _GETCOLOR
 0000:175A       _GETDATE
 0000:1E45       _GETPID
 0000:1E50 idle  _GETPPID
 0000:177D       _GETTIME
 0000:1F35       _GETVECT
 0000:174B       _GOTOXY
 0000:1F71       _INIT_DS
 0000:1F7B       _INIT_STACK
 0000:1D00       _INTTOSTR
 0000:1945 idle  _ISALPHA
 0000:1928 idle  _ISDIGIT
 0000:1DDE       _KILL
 0000:0000 idle  _MAIN
 0000:1EED       _MINISO_CLOCKHANDLER
 0000:2419       _MINISO_CONTEXTSWITCH
 0384:15D4 idle  _MINISO_DELCURTHREAD
 0384:0D97 idle  _MINISO_FREE
 0000:255F       _MINISO_INIT_PROCTABLE
 0000:2544 idle  _MINISO_INIT_SEMTABLE
 0384:15D2 idle  _MINISO_NEXTTHREAD
 0384:15CE       _MINISO_OLDISR
 0384:0D95 idle  _MINISO_READY
 0000:1EFE       _MINISO_RETURN_ADDR
 0384:0D99 idle  _MINISO_SCALL_TABLE
 0384:1775       _MINISO_SEM
 0000:1EDD       _MINISO_SYSTEMCALL
 0384:15D5       _MINISO_THREAD
 0000:1F56       _MK_FP
 0384:0FB8 idle  _MUTEX
 0384:0102 idle  _NUMCADEIRAS
 0000:168F       _PUTCH
 0000:16AF       _PUTSTR
 0000:16CE       _PUTSTRXY
 0000:1DC4       _REBOOT
 0000:1ECF       _RESUME
 0000:2088       _SCALL
 0000:2248 idle  _SC_CLRSCR
 0000:2EDE idle  _SC_EXIT
 0000:2660 idle  _SC_FORK
 0000:21F8 idle  _SC_GETCH
 0000:226A idle  _SC_GETCOLOR
 0000:22D0 idle  _SC_GETDATE
 0000:317D idle  _SC_GETPID
 0000:3192 idle  _SC_GETPPID
 0000:2380 idle  _SC_GETTIME
 0000:22A2 idle  _SC_GOTOXY
 0000:28AD idle  _SC_KILL
 0000:2162 idle  _SC_PUTCH
 0000:2640 idle  _SC_REBOOT
 0000:37B3 idle  _SC_RESUME
 0000:33DD idle  _SC_SEMCREATE
 0000:36D4 idle  _SC_SEMDESTROY
 0000:358E idle  _SC_SEMDOWN
 0000:3468 idle  _SC_SEMSET
 0000:34A1 idle  _SC_SEMUP
 0000:31A7 idle  _SC_SENDSIGNAL
 0000:2275 idle  _SC_SETCOLOR
 0000:370C idle  _SC_STOP
 0000:2D64 idle  _SC_WAIT
 0000:2BA9 idle  _SC_WAITPID
 0000:32A7 idle  _SC_WAITSIGNAL
 0000:2284 idle  _SC_WHEREX
 0000:2291 idle  _SC_WHEREY
 0000:1E78       _SEMCREATE
 0000:1EB3       _SEMDESTROY
 0000:1EA5       _SEMDOWN
 0384:0FBA idle  _SEMID
 0000:1E86 idle  _SEMSET
 0000:1E97       _SEMUP
 0000:133D idle  _SEM_APLIC
 0000:1E5B idle  _SENDSIGNAL
 0000:1729       _SETCOLOR
 0000:1F0E       _SETVECT
 0000:1EC1       _STOP
 0000:18CC       _STRCMP
 0000:17A0       _STRCPY
 0000:190E       _STRLEN
 0000:1880 idle  _STRLWR
 0000:17E2 idle  _STRNCPY
 0000:1834 idle  _STRUPR
 0000:1AC6 idle  _UNSIGNEDLONGTOSTR
 0000:19E6       _UNSIGNEDTOSTR
 0000:1C80 idle  _UNSIGNEDTOSTRHEXA
 0000:1DEC       _WAIT
 0000:1E11       _WAITPID
 0000:1E6C idle  _WAITSIGNAL
 0000:1735       _WHEREX
 0000:1740       _WHEREY

  Address         Publics by Value

 0000:0000 idle  _MAIN
 0000:00C3       _COMMAND
 0000:0885 idle  _CMD_REBOOT
 0000:089B idle  _CMD_EXIT
 0000:08B0 idle  _CMD_HELP
 0000:0908 idle  _CMD_DATE
 0000:09A3 idle  _CMD_TIME
 0000:0A43 idle  _CMD_CLS
 0000:0A59 idle  _CMD_VER
 0000:0A88 idle  _CMD_PS
 0000:0CE4 idle  _CMD_KILL
 0000:0D2C idle  _CMD_SET
 0000:0DC5 idle  _CMD_UNSET
 0000:0E05 idle  _CMD_ECHO
 0000:105D idle  _CMD_DEMO
 0000:10B1 idle  _CMD_WAITPID
 0000:1140 idle  _CMD_WAIT
 0000:11B8 idle  _CMD_SEMLS
 0000:12AE idle  _CMD_SEMCREATE
 0000:133D idle  _SEM_APLIC
 0000:1446 idle  _CMD_SEMTEST
 0000:149A idle  _CMD_SEMUP
 0000:14D3 idle  _CMD_SEMDESTROY
 0000:150C idle  _CMD_STOP
 0000:1554 idle  _CMD_RESUME
 0000:159C idle  _CMD_START_BARBER
 0000:1611 idle  _CMD_STOP_BARBER
 0000:1652 idle  _CMD_ADD_CLIENTE_BARBER
 0000:168F       _PUTCH
 0000:169B       _GETCH
 0000:16A6       _CLRSCR
 0000:16AF       _PUTSTR
 0000:16CE       _PUTSTRXY
 0000:171E       _GETCOLOR
 0000:1729       _SETCOLOR
 0000:1735       _WHEREX
 0000:1740       _WHEREY
 0000:174B       _GOTOXY
 0000:175A       _GETDATE
 0000:177D       _GETTIME
 0000:17A0       _STRCPY
 0000:17E2 idle  _STRNCPY
 0000:1834 idle  _STRUPR
 0000:1880 idle  _STRLWR
 0000:18CC       _STRCMP
 0000:190E       _STRLEN
 0000:1928 idle  _ISDIGIT
 0000:1945 idle  _ISALPHA
 0000:196C       _ATOI
 0000:19E6       _UNSIGNEDTOSTR
 0000:1AC6 idle  _UNSIGNEDLONGTOSTR
 0000:1C80 idle  _UNSIGNEDTOSTRHEXA
 0000:1D00       _INTTOSTR
 0000:1DC4       _REBOOT
 0000:1DCD       _FORK
 0000:1DDE       _KILL
 0000:1DEC       _WAIT
 0000:1E11       _WAITPID
 0000:1E39       _EXIT
 0000:1E45       _GETPID
 0000:1E50 idle  _GETPPID
 0000:1E5B idle  _SENDSIGNAL
 0000:1E6C idle  _WAITSIGNAL
 0000:1E78       _SEMCREATE
 0000:1E86 idle  _SEMSET
 0000:1E97       _SEMUP
 0000:1EA5       _SEMDOWN
 0000:1EB3       _SEMDESTROY
 0000:1EC1       _STOP
 0000:1ECF       _RESUME
 0000:1EDD       _MINISO_SYSTEMCALL
 0000:1EED       _MINISO_CLOCKHANDLER
 0000:1EFE       _MINISO_RETURN_ADDR
 0000:1F0E       _SETVECT
 0000:1F35       _GETVECT
 0000:1F52       _ENABLE
 0000:1F54       _DISABLE
 0000:1F56       _MK_FP
 0000:1F61       _FP_SEG
 0000:1F69       _FP_OFF
 0000:1F71       _INIT_DS
 0000:1F7B       _INIT_STACK
 0000:1F96       N_LXMUL@
 0000:1F9F idle  LXMUL@
 0000:1FB6 idle  N_LDIV@
 0000:1FB9 idle  LDIV@
 0000:1FBE       N_LUDIV@
 0000:1FC1 idle  LUDIV@
 0000:1FC7 idle  N_LMOD@
 0000:1FCA idle  LMOD@
 0000:1FD0       N_LUMOD@
 0000:1FD3 idle  LUMOD@
 0000:2067 idle  N_LXLSH@
 0000:206A idle  LXLSH@
 0000:2088       _SCALL
 0000:2162 idle  _SC_PUTCH
 0000:21F8 idle  _SC_GETCH
 0000:2248 idle  _SC_CLRSCR
 0000:226A idle  _SC_GETCOLOR
 0000:2275 idle  _SC_SETCOLOR
 0000:2284 idle  _SC_WHEREX
 0000:2291 idle  _SC_WHEREY
 0000:22A2 idle  _SC_GOTOXY
 0000:22D0 idle  _SC_GETDATE
 0000:2380 idle  _SC_GETTIME
 0000:2419       _MINISO_CONTEXTSWITCH
 0000:2544 idle  _MINISO_INIT_SEMTABLE
 0000:255F       _MINISO_INIT_PROCTABLE
 0000:2640 idle  _SC_REBOOT
 0000:2660 idle  _SC_FORK
 0000:28AD idle  _SC_KILL
 0000:2BA9 idle  _SC_WAITPID
 0000:2D64 idle  _SC_WAIT
 0000:2EDE idle  _SC_EXIT
 0000:317D idle  _SC_GETPID
 0000:3192 idle  _SC_GETPPID
 0000:31A7 idle  _SC_SENDSIGNAL
 0000:32A7 idle  _SC_WAITSIGNAL
 0000:33DD idle  _SC_SEMCREATE
 0000:3468 idle  _SC_SEMSET
 0000:34A1 idle  _SC_SEMUP
 0000:358E idle  _SC_SEMDOWN
 0000:36D4 idle  _SC_SEMDESTROY
 0000:370C idle  _SC_STOP
 0000:37B3 idle  _SC_RESUME
 0384:0100 idle  _COUNT
 0384:0102 idle  _NUMCADEIRAS
 0384:0D95 idle  _MINISO_READY
 0384:0D97 idle  _MINISO_FREE
 0384:0D99 idle  _MINISO_SCALL_TABLE
 0384:0FB4 idle  _FILA
 0384:0FB6 idle  _CLIENTES
 0384:0FB8 idle  _MUTEX
 0384:0FBA idle  _SEMID
 0384:15CE       _MINISO_OLDISR
 0384:15D2 idle  _MINISO_NEXTTHREAD
 0384:15D4 idle  _MINISO_DELCURTHREAD
 0384:15D5       _MINISO_THREAD
 0384:1775       _MINISO_SEM

Program entry point at 0000:0000
Warning: No stack

